[16:48:32.224] [INFO] Storybook Upgrade - v9.1.8
[16:48:32.261] [INFO] detect-projects-spinner-start: Detecting projects...
[16:48:32.266] [DEBUG] Finding Storybook projects...
[16:48:34.637] [DEBUG] Found 1 Storybook projects
[16:48:34.639] [INFO] detect-projects-spinner: Detecting projects: 1 projects
[16:48:34.640] [DEBUG] Getting Storybook data...
[16:48:34.643] [DEBUG] Getting Storybook info...
[16:48:34.647] [DEBUG] Loading main config...
[16:48:34.960] [DEBUG] Getting stories paths...
[16:48:35.003] [DEBUG] Getting package manager...
[16:48:36.040] [DEBUG] Getting Storybook version...
[16:48:36.041] [DEBUG] /.storybook - Validating before version... 6.5.12
[16:48:36.041] [DEBUG] /.storybook - Validating upgrade compatibility...
[16:48:36.041] [DEBUG] /.storybook - Fetching NPM version information...
[16:48:36.041] [DEBUG] Getting CLI versions from NPM for storybook...
[16:48:36.047] [DEBUG] Getting CLI versions from NPM for storybook@next...
[16:48:37.158] [DEBUG] /.storybook - Evaluating blockers...
[16:48:37.163] [DEBUG] Getting installed version for @storybook/experimental-addon-test...
[16:48:45.378] [INFO] detect-projects-spinner-stop: 1 project detected
[16:48:45.379] [DEBUG] Found 1 valid projects and 0 error projects
[16:48:45.379] [INFO] Upgrading from 6.5.12 to 9.1.8
[16:48:45.387] [INFO] upgrade-dependencies-task-start: Fetching versions to update package.json files..
[16:48:45.387] [DEBUG] Updating dependencies in /.storybook...
[16:48:45.392] [INFO] upgrade-dependencies-task: /package.json
[16:48:45.393] [DEBUG] {
  "upgradedDependencies": []
}
[16:48:45.393] [DEBUG] {
  "upgradedDevDependencies": [
    "@storybook/addon-a11y@^9.1.8",
    "@storybook/addon-links@^9.1.8",
    "@storybook/angular@^9.1.8",
    "@storybook/builder-webpack5@^9.1.8"
  ]
}
[16:48:45.393] [DEBUG] {
  "upgradedPeerDependencies": []
}
[16:48:45.394] [DEBUG] Getting CLI versions from NPM for @storybook/addon-a11y...
[16:48:46.367] [DEBUG] Getting CLI versions from NPM for @storybook/addon-links...
[16:48:47.911] [DEBUG] Getting CLI versions from NPM for @storybook/angular...
[16:48:49.187] [DEBUG] Getting CLI versions from NPM for @storybook/builder-webpack5...
[16:48:50.197] [INFO] upgrade-dependencies-task-success: Updated package versions in package.json files
[16:48:50.198] [INFO] detect-automigrations-task-start: Detecting automigrations...
[16:48:50.199] [DEBUG] Starting automigration collection across 1 projects and 15 fixes...
[16:48:50.204] [INFO] detect-automigrations-task: Checking automigrations for /.storybook...
[16:48:50.204] [DEBUG] Processing project: /.storybook
[16:48:50.204] [DEBUG] Checking fix eslintPlugin for project /.storybook...
[16:48:50.212] [DEBUG] Checking fix addon-mdx-gfm-remove for project /.storybook...
[16:48:50.212] [DEBUG] Checking fix addon-storysource-code-panel for project /.storybook...
[16:48:50.213] [DEBUG] Checking fix upgrade-storybook-related-dependencies for project /.storybook...
[16:48:50.213] [DEBUG] Checking for incompatible storybook packages...
[16:48:50.216] [DEBUG] Getting installed version for @storybook/addon-actions...
[16:48:50.218] [DEBUG] Getting installed version for @storybook/addon-essentials...
[16:48:50.220] [DEBUG] Getting installed version for @storybook/addon-interactions...
[16:48:50.222] [DEBUG] Getting installed version for @storybook/manager-webpack5...
[16:48:50.224] [DEBUG] Getting installed version for @storybook/testing-library...
[16:49:16.930] [DEBUG] An issue occurred while trying to find dependencies metadata using npm.
[16:49:16.930] [DEBUG] Getting CLI versions from NPM for @storybook/addon-actions...
[16:49:17.188] [DEBUG] An issue occurred while trying to find dependencies metadata using npm.
[16:49:17.188] [DEBUG] Getting CLI versions from NPM for @storybook/addon-essentials...
[16:49:17.229] [DEBUG] An issue occurred while trying to find dependencies metadata using npm.
[16:49:17.229] [DEBUG] Getting CLI versions from NPM for @storybook/manager-webpack5...
[16:49:17.388] [DEBUG] An issue occurred while trying to find dependencies metadata using npm.
[16:49:17.388] [DEBUG] Getting CLI versions from NPM for @storybook/addon-interactions...
[16:49:17.514] [DEBUG] An issue occurred while trying to find dependencies metadata using npm.
[16:49:17.514] [DEBUG] Getting CLI versions from NPM for @storybook/testing-library...
[16:49:19.714] [DEBUG] Checking fix initial-globals for project /.storybook...
[16:49:19.753] [DEBUG] Checking fix addon-a11y-addon-test for project /.storybook...
[16:49:19.753] [DEBUG] Checking fix consolidated-imports for project /.storybook...
[16:49:19.754] [DEBUG] Checking fix addon-experimental-test for project /.storybook...
[16:49:19.755] [DEBUG] Using cached installed version for @storybook/experimental-addon-test...
[16:49:19.755] [DEBUG] Checking fix rnstorybook-config for project /.storybook...
[16:49:19.755] [DEBUG] Checking fix remove-addon-interactions for project /.storybook...
[16:49:19.756] [DEBUG] Checking fix renderer-to-framework for project /.storybook...
[16:49:19.757] [DEBUG] Checking fix remove-essential-addons for project /.storybook...
[16:49:19.757] [DEBUG] Checking fix addon-a11y-parameters for project /.storybook...
[16:49:19.763] [DEBUG] Checking fix remove-docs-autodocs for project /.storybook...
[16:49:19.769] [DEBUG] Checking fix wrap-require for project /.storybook...
[16:49:19.781] [INFO] detect-automigrations-task: 
Automigrations detected:
[16:49:19.791] [INFO] detect-automigrations-task: ✔ remove-addon-interactions
[16:49:19.798] [INFO] detect-automigrations-task: ✔ remove-essential-addons
[16:49:19.798] [INFO] detect-automigrations-task-success: 2 automigration(s) detected
[16:49:56.794] [PROMPT] Select automigrations to run {"choice":["remove-addon-interactions","remove-essential-addons"]}
[16:49:56.796] [INFO] automigrate-/.storybook-task-start: Running automigrations for /.storybook
[16:49:56.802] [DEBUG] Uninstalling @storybook/addon-interactions
[16:49:56.804] [DEBUG] Removing '@storybook/addon-interactions' from main.js addons field.
[16:49:56.829] [INFO] automigrate-/.storybook-task: ✔ remove-addon-interactions
[16:49:56.834] [DEBUG] Uninstalling @storybook/addon-essentials
[16:49:56.834] [DEBUG] Removing '@storybook/addon-essentials' from main.js addons field.
[16:49:56.839] [DEBUG] Uninstalling @storybook/addon-actions
[16:49:56.852] [DEBUG] Getting Storybook info...
[16:49:56.852] [DEBUG] Loading main config...
[16:49:56.876] [DEBUG] Getting stories paths...
[16:49:56.877] [DEBUG] Getting package manager...
[16:49:56.892] [DEBUG] Getting Storybook version...
[16:49:56.904] [INFO] automigrate-/.storybook-task: Verifying @storybook/addon-docs
[16:49:56.914] [INFO] automigrate-/.storybook-task: Installing @storybook/addon-docs@9.1.8
[16:49:56.914] [DEBUG] Getting CLI versions from NPM for @storybook/addon-docs...
[16:49:58.295] [INFO] automigrate-/.storybook-task: Adding '@storybook/addon-docs' to the "addons" field in
/home/wdrozdzowski/projects/GuiddeMe/.storybook/main.js
[16:49:58.317] [INFO] automigrate-/.storybook-task: ✔ remove-essential-addons
[16:49:58.318] [INFO] automigrate-/.storybook-task-success: Completed automigrations for /.storybook
[16:49:58.319] [INFO] Installing dependencies...
[16:49:58.319] [INFO] install-dependencies-task-start: Installing dependencies...
[16:50:41.733] [INFO] added 168 packages, removed 904 packages, changed 31 packages, and audited 2574 packages in 43s
[16:50:41.742] [INFO] install-dependencies-task: added 168 packages, removed 904 packages, changed 31 packages, and audited 2574
packages in 43s
[16:50:41.743] [INFO] 288 packages are looking for funding
  run `npm fund` for details
[16:50:41.751] [INFO] install-dependencies-task: 288 packages are looking for funding
run `npm fund` for details
[16:50:41.940] [INFO] 65 vulnerabilities (10 low, 14 moderate, 30 high, 11 critical)

To address issues that do not require attention, run:
  npm audit fix

To address all issues possible (including breaking changes), run:
  npm audit fix --force

Some issues need review, and may require choosing
a different dependency.

Run `npm audit` for details.
[16:50:41.949] [INFO] install-dependencies-task: 65 vulnerabilities (10 low, 14 moderate, 30 high, 11 critical)

To address issues that do not require attention, run:
npm audit fix

To address all issues possible (including breaking changes), run:
npm audit fix --force

Some issues need review, and may require choosing
a different dependency.

Run `npm audit` for details.
[16:50:41.999] [INFO] Dependencies installed
[16:50:41.999] [INFO] install-dependencies-task-success: Dependencies installed
[16:50:42.000] [INFO] Checking the health of your project(s)..
[16:50:54.829] [WARN] /.storybook: 2 issues found
[16:50:54.842] [INFO] The "storybook" package was not found in your package.json.
Installing "storybook" as a direct dev dependency in your package.json is required.
[16:50:54.842] [INFO] Missing Storybook Dependency
[16:50:54.853] [INFO] The "storybook" package was not found in your package.json.
Installing "storybook" as a direct dev dependency in your package.json is required.
[16:50:54.869] [INFO] You are currently using Storybook 9.1.8 but you have packages which are incompatible with it:

- @storybook/manager-webpack5@6.5.12 which depends on 6.5.12
 Repo: https://github.com/storybookjs/storybook/tree/main/lib/core
- @storybook/testing-library@0.0.13 which depends on ^6.4.0

Please consider updating your packages or contacting the maintainers for compatibility details.

For more on Storybook 9 compatibility, see the linked GitHub issue:
https://github.com/storybookjs/storybook/issues/30944
[16:50:54.869] [INFO] Incompatible Packages
[16:50:54.880] [INFO] You are currently using Storybook 9.1.8 but you have packages which are incompatible with it:

- @storybook/manager-webpack5@6.5.12 which depends on 6.5.12
 Repo: https://github.com/storybookjs/storybook/tree/main/lib/core
- @storybook/testing-library@0.0.13 which depends on ^6.4.0

Please consider updating your packages or contacting the maintainers for compatibility details.

For more on Storybook 9 compatibility, see the linked GitHub issue:
https://github.com/storybookjs/storybook/issues/30944
[16:50:54.895] [INFO] Storybook doctor is complete!
[16:50:54.908] [INFO] You can always recheck the health of your project(s) by running:
npx storybook doctor
[16:50:54.919] [INFO] The upgrade is complete!
[16:50:54.931] [INFO] Your project(s) have been upgraded successfully, but some issues were found which need your attention, please check Storybook doctor logs above.
[16:50:54.965] [INFO] If you want to learn more about the automigrations that executed in your project(s), please check the following links:

• remove-addon-interactions
• remove-essential-addons
[16:50:54.980] [INFO] For a full list of changes, please check our migration guide: https://storybook.js.org/docs/migration-guide?ref=upgrade
[16:50:55.002] [INFO] Attention: Storybook now collects completely anonymous telemetry regarding usage. This information is used to shape Storybook's roadmap and prioritize features.
[16:50:55.017] [INFO] You can learn more, including how to opt-out if you'd not like to participate in this anonymous program, by visiting the following URL:
[16:50:55.027] [INFO] https://storybook.js.org/telemetry
[16:50:55.034] [INFO] 